00:00 +0: loading D:/Proyectos/Flutter proyect/aplicativo_01/test/crash_repro_navigation_test.dart
00:00 +0: (setUpAll)
00:00 +0: Navigate to FinanzasPage from CompetenciaPage
ÔòÉÔòÉÔòí EXCEPTION CAUGHT BY RENDERING LIBRARY Ôò×ÔòÉÔòÉÔòÉÔòÉÔòÉÔòÉÔòÉÔòÉÔòÉÔòÉÔòÉÔòÉÔòÉÔòÉÔòÉÔòÉÔòÉÔòÉÔòÉÔòÉÔòÉÔòÉÔòÉÔòÉÔòÉÔòÉÔòÉÔòÉÔòÉÔòÉÔòÉÔòÉÔòÉÔòÉÔòÉÔòÉÔòÉÔòÉÔòÉÔòÉÔòÉÔòÉÔòÉÔòÉÔòÉÔòÉÔòÉÔòÉÔòÉÔòÉÔòÉÔòÉÔòÉÔòÉÔòÉÔòÉÔòÉ
The following assertion was thrown during layout:
A RenderFlex overflowed by 7.3 pixels on the right.

The relevant error-causing widget was:
  Row Row:file:///D:/Proyectos/Flutter%20proyect/aplicativo_01/lib/src/widgets/kpi_small.dart:49:11

The overflowing RenderFlex has an orientation of Axis.horizontal.
The edge of the RenderFlex that is overflowing has been marked in the rendering with a yellow and
black striped pattern. This is usually caused by the contents being too big for the RenderFlex.
Consider applying a flex factor (e.g. using an Expanded widget) to force the children of the
RenderFlex to fit within the available space instead of being sized to their natural size.
This is considered an error condition because it indicates that there is content that cannot be
seen. If the content is legitimately bigger than the available space, consider clipping it with a
ClipRect widget before putting it in the flex, or using a scrollable container rather than a Flex,
like a ListView.
The specific RenderFlex in question is: RenderFlex#1beda relayoutBoundary=up18 OVERFLOWING:
  creator: Row ÔåÉ Column ÔåÉ Padding ÔåÉ DecoratedBox ÔåÉ Container ÔåÉ KpiSmall ÔåÉ SizedBox ÔåÉ Wrap ÔåÉ
    VistaExpressKPIs ÔåÉ Column ÔåÉ Padding ÔåÉ _SingleChildViewport ÔåÉ Ôï»
  parentData: offset=Offset(0.0, 133.0); flex=null; fit=null (can use size)
  constraints: BoxConstraints(0.0<=w<=74.0, 0.0<=h<=Infinity)
  size: Size(74.0, 23.0)
  direction: horizontal
  mainAxisAlignment: start
  mainAxisSize: max
  crossAxisAlignment: center
  textDirection: ltr
  verticalDirection: down
  spacing: 0.0
ÔùóÔùñÔùóÔùñÔùóÔùñÔùóÔùñÔùóÔùñÔùóÔùñÔùóÔùñÔùóÔùñÔùóÔùñÔùóÔùñÔùóÔùñÔùóÔùñÔùóÔùñÔùóÔùñÔùóÔùñÔùóÔùñÔùóÔùñÔùóÔùñÔùóÔùñÔùóÔùñÔùóÔùñÔùóÔùñÔùóÔùñÔùóÔùñÔùóÔùñÔùóÔùñÔùóÔùñÔùóÔùñÔùóÔùñÔùóÔùñÔùóÔùñÔùóÔùñÔùóÔùñÔùóÔùñÔùóÔùñÔùóÔùñÔùóÔùñÔùóÔùñÔùóÔùñÔùóÔùñÔùóÔùñÔùóÔùñÔùóÔùñÔùóÔùñÔùóÔùñÔùóÔùñÔùóÔùñÔùóÔùñÔùóÔùñÔùóÔùñ
ÔòÉÔòÉÔòÉÔòÉÔòÉÔòÉÔòÉÔòÉÔòÉÔòÉÔòÉÔòÉÔòÉÔòÉÔòÉÔòÉÔòÉÔòÉÔòÉÔòÉÔòÉÔòÉÔòÉÔòÉÔòÉÔòÉÔòÉÔòÉÔòÉÔòÉÔòÉÔòÉÔòÉÔòÉÔòÉÔòÉÔòÉÔòÉÔòÉÔòÉÔòÉÔòÉÔòÉÔòÉÔòÉÔòÉÔòÉÔòÉÔòÉÔòÉÔòÉÔòÉÔòÉÔòÉÔòÉÔòÉÔòÉÔòÉÔòÉÔòÉÔòÉÔòÉÔòÉÔòÉÔòÉÔòÉÔòÉÔòÉÔòÉÔòÉÔòÉÔòÉÔòÉÔòÉÔòÉÔòÉÔòÉÔòÉÔòÉÔòÉÔòÉÔòÉÔòÉÔòÉÔòÉÔòÉÔòÉÔòÉÔòÉÔòÉÔòÉÔòÉÔòÉÔòÉÔòÉÔòÉÔòÉÔòÉÔòÉÔòÉ
ÔòÉÔòÉÔòí EXCEPTION CAUGHT BY RENDERING LIBRARY Ôò×ÔòÉÔòÉÔòÉÔòÉÔòÉÔòÉÔòÉÔòÉÔòÉÔòÉÔòÉÔòÉÔòÉÔòÉÔòÉÔòÉÔòÉÔòÉÔòÉÔòÉÔòÉÔòÉÔòÉÔòÉÔòÉÔòÉÔòÉÔòÉÔòÉÔòÉÔòÉÔòÉÔòÉÔòÉÔòÉÔòÉÔòÉÔòÉÔòÉÔòÉÔòÉÔòÉÔòÉÔòÉÔòÉÔòÉÔòÉÔòÉÔòÉÔòÉÔòÉÔòÉÔòÉÔòÉÔòÉÔòÉÔòÉ
The following assertion was thrown during layout:
A RenderFlex overflowed by 137 pixels on the right.

The relevant error-causing widget was:
  Row
  Row:file:///D:/Proyectos/Flutter%20proyect/aplicativo_01/lib/src/widgets/ingresos_por_dia_card.dart:32:24

The overflowing RenderFlex has an orientation of Axis.horizontal.
The edge of the RenderFlex that is overflowing has been marked in the rendering with a yellow and
black striped pattern. This is usually caused by the contents being too big for the RenderFlex.
Consider applying a flex factor (e.g. using an Expanded widget) to force the children of the
RenderFlex to fit within the available space instead of being sized to their natural size.
This is considered an error condition because it indicates that there is content that cannot be
seen. If the content is legitimately bigger than the available space, consider clipping it with a
ClipRect widget before putting it in the flex, or using a scrollable container rather than a Flex,
like a ListView.
The specific RenderFlex in question is: RenderFlex#f677d relayoutBoundary=up26 OVERFLOWING:
  creator: Row ÔåÉ Padding ÔåÉ Column ÔåÉ _SingleChildViewport ÔåÉ IgnorePointer-[GlobalKey#2b5f3] ÔåÉ Semantics
    ÔåÉ Listener ÔåÉ _GestureSemantics ÔåÉ
    RawGestureDetector-[LabeledGlobalKey<RawGestureDetectorState>#59327] ÔåÉ Listener ÔåÉ _ScrollableScope
    ÔåÉ _ScrollSemantics-[GlobalKey#dd336] ÔåÉ Ôï»
  parentData: offset=Offset(0.0, 0.0) (can use size)
  constraints: BoxConstraints(0.0<=w<=304.0, 0.0<=h<=Infinity)
  size: Size(304.0, 17.0)
  direction: horizontal
  mainAxisAlignment: spaceBetween
  mainAxisSize: max
  crossAxisAlignment: center
  textDirection: ltr
  verticalDirection: down
  spacing: 0.0
ÔùóÔùñÔùóÔùñÔùóÔùñÔùóÔùñÔùóÔùñÔùóÔùñÔùóÔùñÔùóÔùñÔùóÔùñÔùóÔùñÔùóÔùñÔùóÔùñÔùóÔùñÔùóÔùñÔùóÔùñÔùóÔùñÔùóÔùñÔùóÔùñÔùóÔùñÔùóÔùñÔùóÔùñÔùóÔùñÔùóÔùñÔùóÔùñÔùóÔùñÔùóÔùñÔùóÔùñÔùóÔùñÔùóÔùñÔùóÔùñÔùóÔùñÔùóÔùñÔùóÔùñÔùóÔùñÔùóÔùñÔùóÔùñÔùóÔùñÔùóÔùñÔùóÔùñÔùóÔùñÔùóÔùñÔùóÔùñÔùóÔùñÔùóÔùñÔùóÔùñÔùóÔùñÔùóÔùñÔùóÔùñÔùóÔùñÔùóÔùñ
ÔòÉÔòÉÔòÉÔòÉÔòÉÔòÉÔòÉÔòÉÔòÉÔòÉÔòÉÔòÉÔòÉÔòÉÔòÉÔòÉÔòÉÔòÉÔòÉÔòÉÔòÉÔòÉÔòÉÔòÉÔòÉÔòÉÔòÉÔòÉÔòÉÔòÉÔòÉÔòÉÔòÉÔòÉÔòÉÔòÉÔòÉÔòÉÔòÉÔòÉÔòÉÔòÉÔòÉÔòÉÔòÉÔòÉÔòÉÔòÉÔòÉÔòÉÔòÉÔòÉÔòÉÔòÉÔòÉÔòÉÔòÉÔòÉÔòÉÔòÉÔòÉÔòÉÔòÉÔòÉÔòÉÔòÉÔòÉÔòÉÔòÉÔòÉÔòÉÔòÉÔòÉÔòÉÔòÉÔòÉÔòÉÔòÉÔòÉÔòÉÔòÉÔòÉÔòÉÔòÉÔòÉÔòÉÔòÉÔòÉÔòÉÔòÉÔòÉÔòÉÔòÉÔòÉÔòÉÔòÉÔòÉÔòÉÔòÉÔòÉ
ÔòÉÔòÉÔòí EXCEPTION CAUGHT BY RENDERING LIBRARY Ôò×ÔòÉÔòÉÔòÉÔòÉÔòÉÔòÉÔòÉÔòÉÔòÉÔòÉÔòÉÔòÉÔòÉÔòÉÔòÉÔòÉÔòÉÔòÉÔòÉÔòÉÔòÉÔòÉÔòÉÔòÉÔòÉÔòÉÔòÉÔòÉÔòÉÔòÉÔòÉÔòÉÔòÉÔòÉÔòÉÔòÉÔòÉÔòÉÔòÉÔòÉÔòÉÔòÉÔòÉÔòÉÔòÉÔòÉÔòÉÔòÉÔòÉÔòÉÔòÉÔòÉÔòÉÔòÉÔòÉÔòÉÔòÉ
The following assertion was thrown during layout:
A RenderFlex overflowed by 119 pixels on the right.

The relevant error-causing widget was:
  DropdownButton<String>
  DropdownButton:file:///D:/Proyectos/Flutter%20proyect/aplicativo_01/lib/src/widgets/competencia_app_bar.dart:27:20

The overflowing RenderFlex has an orientation of Axis.horizontal.
The edge of the RenderFlex that is overflowing has been marked in the rendering with a yellow and
black striped pattern. This is usually caused by the contents being too big for the RenderFlex.
Consider applying a flex factor (e.g. using an Expanded widget) to force the children of the
RenderFlex to fit within the available space instead of being sized to their natural size.
This is considered an error condition because it indicates that there is content that cannot be
seen. If the content is legitimately bigger than the available space, consider clipping it with a
ClipRect widget before putting it in the flex, or using a scrollable container rather than a Flex,
like a ListView.
The specific RenderFlex in question is: RenderFlex#b6478 relayoutBoundary=up22 OVERFLOWING:
  creator: Row ÔåÉ Padding ÔåÉ SizedBox ÔåÉ DefaultTextStyle ÔåÉ Listener ÔåÉ RawGestureDetector ÔåÉ
    GestureDetector ÔåÉ Semantics ÔåÉ DefaultSelectionStyle ÔåÉ Builder ÔåÉ MouseRegion ÔåÉ Semantics ÔåÉ Ôï»
  parentData: offset=Offset(0.0, 0.0) (can use size)
  constraints: BoxConstraints(0.0<=w<=212.0, 0.0<=h<=Infinity)
  size: Size(212.0, 48.0)
  direction: horizontal
  mainAxisAlignment: spaceBetween
  mainAxisSize: min
  crossAxisAlignment: center
  textDirection: ltr
  verticalDirection: down
  spacing: 0.0
ÔùóÔùñÔùóÔùñÔùóÔùñÔùóÔùñÔùóÔùñÔùóÔùñÔùóÔùñÔùóÔùñÔùóÔùñÔùóÔùñÔùóÔùñÔùóÔùñÔùóÔùñÔùóÔùñÔùóÔùñÔùóÔùñÔùóÔùñÔùóÔùñÔùóÔùñÔùóÔùñÔùóÔùñÔùóÔùñÔùóÔùñÔùóÔùñÔùóÔùñÔùóÔùñÔùóÔùñÔùóÔùñÔùóÔùñÔùóÔùñÔùóÔùñÔùóÔùñÔùóÔùñÔùóÔùñÔùóÔùñÔùóÔùñÔùóÔùñÔùóÔùñÔùóÔùñÔùóÔùñÔùóÔùñÔùóÔùñÔùóÔùñÔùóÔùñÔùóÔùñÔùóÔùñÔùóÔùñÔùóÔùñÔùóÔùñÔùóÔùñ
ÔòÉÔòÉÔòÉÔòÉÔòÉÔòÉÔòÉÔòÉÔòÉÔòÉÔòÉÔòÉÔòÉÔòÉÔòÉÔòÉÔòÉÔòÉÔòÉÔòÉÔòÉÔòÉÔòÉÔòÉÔòÉÔòÉÔòÉÔòÉÔòÉÔòÉÔòÉÔòÉÔòÉÔòÉÔòÉÔòÉÔòÉÔòÉÔòÉÔòÉÔòÉÔòÉÔòÉÔòÉÔòÉÔòÉÔòÉÔòÉÔòÉÔòÉÔòÉÔòÉÔòÉÔòÉÔòÉÔòÉÔòÉÔòÉÔòÉÔòÉÔòÉÔòÉÔòÉÔòÉÔòÉÔòÉÔòÉÔòÉÔòÉÔòÉÔòÉÔòÉÔòÉÔòÉÔòÉÔòÉÔòÉÔòÉÔòÉÔòÉÔòÉÔòÉÔòÉÔòÉÔòÉÔòÉÔòÉÔòÉÔòÉÔòÉÔòÉÔòÉÔòÉÔòÉÔòÉÔòÉÔòÉÔòÉÔòÉÔòÉ
Dropdown changed to: Finanzas
CompetenciaPage: Role changed to Finanzas
ÔòÉÔòÉÔòí EXCEPTION CAUGHT BY RENDERING LIBRARY Ôò×ÔòÉÔòÉÔòÉÔòÉÔòÉÔòÉÔòÉÔòÉÔòÉÔòÉÔòÉÔòÉÔòÉÔòÉÔòÉÔòÉÔòÉÔòÉÔòÉÔòÉÔòÉÔòÉÔòÉÔòÉÔòÉÔòÉÔòÉÔòÉÔòÉÔòÉÔòÉÔòÉÔòÉÔòÉÔòÉÔòÉÔòÉÔòÉÔòÉÔòÉÔòÉÔòÉÔòÉÔòÉÔòÉÔòÉÔòÉÔòÉÔòÉÔòÉÔòÉÔòÉÔòÉÔòÉÔòÉÔòÉÔòÉ
The following assertion was thrown during layout:
A RenderFlex overflowed by 100 pixels on the right.

The relevant error-causing widget was:
  Row Row:file:///D:/Proyectos/Flutter%20proyect/aplicativo_01/lib/src/widgets/combo_chart.dart:74:19

The overflowing RenderFlex has an orientation of Axis.horizontal.
The edge of the RenderFlex that is overflowing has been marked in the rendering with a yellow and
black striped pattern. This is usually caused by the contents being too big for the RenderFlex.
Consider applying a flex factor (e.g. using an Expanded widget) to force the children of the
RenderFlex to fit within the available space instead of being sized to their natural size.
This is considered an error condition because it indicates that there is content that cannot be
seen. If the content is legitimately bigger than the available space, consider clipping it with a
ClipRect widget before putting it in the flex, or using a scrollable container rather than a Flex,
like a ListView.
The specific RenderFlex in question is: RenderFlex#7a57c relayoutBoundary=up21 OVERFLOWING:
  creator: Row ÔåÉ Wrap ÔåÉ Padding ÔåÉ Column ÔåÉ ComboChart ÔåÉ Expanded ÔåÉ Column ÔåÉ Padding ÔåÉ DecoratedBox ÔåÉ
    Container ÔåÉ Expanded ÔåÉ Row ÔåÉ Ôï»
  parentData: offset=Offset(0.0, 21.0) (can use size)
  constraints: BoxConstraints(0.0<=w<=124.0, 0.0<=h<=Infinity)
  size: Size(124.0, 17.0)
  direction: horizontal
  mainAxisAlignment: start
  mainAxisSize: min
  crossAxisAlignment: center
  textDirection: ltr
  verticalDirection: down
  spacing: 0.0
ÔùóÔùñÔùóÔùñÔùóÔùñÔùóÔùñÔùóÔùñÔùóÔùñÔùóÔùñÔùóÔùñÔùóÔùñÔùóÔùñÔùóÔùñÔùóÔùñÔùóÔùñÔùóÔùñÔùóÔùñÔùóÔùñÔùóÔùñÔùóÔùñÔùóÔùñÔùóÔùñÔùóÔùñÔùóÔùñÔùóÔùñÔùóÔùñÔùóÔùñÔùóÔùñÔùóÔùñÔùóÔùñÔùóÔùñÔùóÔùñÔùóÔùñÔùóÔùñÔùóÔùñÔùóÔùñÔùóÔùñÔùóÔùñÔùóÔùñÔùóÔùñÔùóÔùñÔùóÔùñÔùóÔùñÔùóÔùñÔùóÔùñÔùóÔùñÔùóÔùñÔùóÔùñÔùóÔùñÔùóÔùñÔùóÔùñÔùóÔùñ
ÔòÉÔòÉÔòÉÔòÉÔòÉÔòÉÔòÉÔòÉÔòÉÔòÉÔòÉÔòÉÔòÉÔòÉÔòÉÔòÉÔòÉÔòÉÔòÉÔòÉÔòÉÔòÉÔòÉÔòÉÔòÉÔòÉÔòÉÔòÉÔòÉÔòÉÔòÉÔòÉÔòÉÔòÉÔòÉÔòÉÔòÉÔòÉÔòÉÔòÉÔòÉÔòÉÔòÉÔòÉÔòÉÔòÉÔòÉÔòÉÔòÉÔòÉÔòÉÔòÉÔòÉÔòÉÔòÉÔòÉÔòÉÔòÉÔòÉÔòÉÔòÉÔòÉÔòÉÔòÉÔòÉÔòÉÔòÉÔòÉÔòÉÔòÉÔòÉÔòÉÔòÉÔòÉÔòÉÔòÉÔòÉÔòÉÔòÉÔòÉÔòÉÔòÉÔòÉÔòÉÔòÉÔòÉÔòÉÔòÉÔòÉÔòÉÔòÉÔòÉÔòÉÔòÉÔòÉÔòÉÔòÉÔòÉÔòÉÔòÉ
ÔòÉÔòÉÔòí EXCEPTION CAUGHT BY RENDERING LIBRARY Ôò×ÔòÉÔòÉÔòÉÔòÉÔòÉÔòÉÔòÉÔòÉÔòÉÔòÉÔòÉÔòÉÔòÉÔòÉÔòÉÔòÉÔòÉÔòÉÔòÉÔòÉÔòÉÔòÉÔòÉÔòÉÔòÉÔòÉÔòÉÔòÉÔòÉÔòÉÔòÉÔòÉÔòÉÔòÉÔòÉÔòÉÔòÉÔòÉÔòÉÔòÉÔòÉÔòÉÔòÉÔòÉÔòÉÔòÉÔòÉÔòÉÔòÉÔòÉÔòÉÔòÉÔòÉÔòÉÔòÉÔòÉÔòÉ
The following assertion was thrown during layout:
A RenderFlex overflowed by 38 pixels on the right.

The relevant error-causing widget was:
  Row
  Row:file:///D:/Proyectos/Flutter%20proyect/aplicativo_01/lib/src/widgets/data_table_widget.dart:36:11

The overflowing RenderFlex has an orientation of Axis.horizontal.
The edge of the RenderFlex that is overflowing has been marked in the rendering with a yellow and
black striped pattern. This is usually caused by the contents being too big for the RenderFlex.
Consider applying a flex factor (e.g. using an Expanded widget) to force the children of the
RenderFlex to fit within the available space instead of being sized to their natural size.
This is considered an error condition because it indicates that there is content that cannot be
seen. If the content is legitimately bigger than the available space, consider clipping it with a
ClipRect widget before putting it in the flex, or using a scrollable container rather than a Flex,
like a ListView.
The specific RenderFlex in question is: RenderFlex#a7cb8 relayoutBoundary=up1 OVERFLOWING:
  creator: Row ÔåÉ Column ÔåÉ Padding ÔåÉ DecoratedBox ÔåÉ Container ÔåÉ DataTableWidget ÔåÉ Expanded ÔåÉ Row ÔåÉ
    SizedBox ÔåÉ Column ÔåÉ Padding ÔåÉ _SingleChildViewport ÔåÉ Ôï»
  parentData: offset=Offset(0.0, 0.0); flex=null; fit=null (can use size)
  constraints: BoxConstraints(0.0<=w<=124.0, 0.0<=h<=Infinity)
  size: Size(124.0, 31.0)
  direction: horizontal
  mainAxisAlignment: spaceBetween
  mainAxisSize: max
  crossAxisAlignment: center
  textDirection: ltr
  verticalDirection: down
  spacing: 0.0
ÔùóÔùñÔùóÔùñÔùóÔùñÔùóÔùñÔùóÔùñÔùóÔùñÔùóÔùñÔùóÔùñÔùóÔùñÔùóÔùñÔùóÔùñÔùóÔùñÔùóÔùñÔùóÔùñÔùóÔùñÔùóÔùñÔùóÔùñÔùóÔùñÔùóÔùñÔùóÔùñÔùóÔùñÔùóÔùñÔùóÔùñÔùóÔùñÔùóÔùñÔùóÔùñÔùóÔùñÔùóÔùñÔùóÔùñÔùóÔùñÔùóÔùñÔùóÔùñÔùóÔùñÔùóÔùñÔùóÔùñÔùóÔùñÔùóÔùñÔùóÔùñÔùóÔùñÔùóÔùñÔùóÔùñÔùóÔùñÔùóÔùñÔùóÔùñÔùóÔùñÔùóÔùñÔùóÔùñÔùóÔùñÔùóÔùñÔùóÔùñ
ÔòÉÔòÉÔòÉÔòÉÔòÉÔòÉÔòÉÔòÉÔòÉÔòÉÔòÉÔòÉÔòÉÔòÉÔòÉÔòÉÔòÉÔòÉÔòÉÔòÉÔòÉÔòÉÔòÉÔòÉÔòÉÔòÉÔòÉÔòÉÔòÉÔòÉÔòÉÔòÉÔòÉÔòÉÔòÉÔòÉÔòÉÔòÉÔòÉÔòÉÔòÉÔòÉÔòÉÔòÉÔòÉÔòÉÔòÉÔòÉÔòÉÔòÉÔòÉÔòÉÔòÉÔòÉÔòÉÔòÉÔòÉÔòÉÔòÉÔòÉÔòÉÔòÉÔòÉÔòÉÔòÉÔòÉÔòÉÔòÉÔòÉÔòÉÔòÉÔòÉÔòÉÔòÉÔòÉÔòÉÔòÉÔòÉÔòÉÔòÉÔòÉÔòÉÔòÉÔòÉÔòÉÔòÉÔòÉÔòÉÔòÉÔòÉÔòÉÔòÉÔòÉÔòÉÔòÉÔòÉÔòÉÔòÉÔòÉÔòÉ
ÔòÉÔòÉÔòí EXCEPTION CAUGHT BY RENDERING LIBRARY Ôò×ÔòÉÔòÉÔòÉÔòÉÔòÉÔòÉÔòÉÔòÉÔòÉÔòÉÔòÉÔòÉÔòÉÔòÉÔòÉÔòÉÔòÉÔòÉÔòÉÔòÉÔòÉÔòÉÔòÉÔòÉÔòÉÔòÉÔòÉÔòÉÔòÉÔòÉÔòÉÔòÉÔòÉÔòÉÔòÉÔòÉÔòÉÔòÉÔòÉÔòÉÔòÉÔòÉÔòÉÔòÉÔòÉÔòÉÔòÉÔòÉÔòÉÔòÉÔòÉÔòÉÔòÉÔòÉÔòÉÔòÉÔòÉ
The following assertion was thrown during layout:
A RenderFlex overflowed by 38 pixels on the right.

The relevant error-causing widget was:
  Row
  Row:file:///D:/Proyectos/Flutter%20proyect/aplicativo_01/lib/src/widgets/data_table_widget.dart:36:11

The overflowing RenderFlex has an orientation of Axis.horizontal.
The edge of the RenderFlex that is overflowing has been marked in the rendering with a yellow and
black striped pattern. This is usually caused by the contents being too big for the RenderFlex.
Consider applying a flex factor (e.g. using an Expanded widget) to force the children of the
RenderFlex to fit within the available space instead of being sized to their natural size.
This is considered an error condition because it indicates that there is content that cannot be
seen. If the content is legitimately bigger than the available space, consider clipping it with a
ClipRect widget before putting it in the flex, or using a scrollable container rather than a Flex,
like a ListView.
The specific RenderFlex in question is: RenderFlex#470c7 relayoutBoundary=up1 OVERFLOWING:
  creator: Row ÔåÉ Column ÔåÉ Padding ÔåÉ DecoratedBox ÔåÉ Container ÔåÉ DataTableWidget ÔåÉ Expanded ÔåÉ Row ÔåÉ
    SizedBox ÔåÉ Column ÔåÉ Padding ÔåÉ _SingleChildViewport ÔåÉ Ôï»
  parentData: offset=Offset(0.0, 0.0); flex=null; fit=null (can use size)
  constraints: BoxConstraints(0.0<=w<=124.0, 0.0<=h<=Infinity)
  size: Size(124.0, 31.0)
  direction: horizontal
  mainAxisAlignment: spaceBetween
  mainAxisSize: max
  crossAxisAlignment: center
  textDirection: ltr
  verticalDirection: down
  spacing: 0.0
ÔùóÔùñÔùóÔùñÔùóÔùñÔùóÔùñÔùóÔùñÔùóÔùñÔùóÔùñÔùóÔùñÔùóÔùñÔùóÔùñÔùóÔùñÔùóÔùñÔùóÔùñÔùóÔùñÔùóÔùñÔùóÔùñÔùóÔùñÔùóÔùñÔùóÔùñÔùóÔùñÔùóÔùñÔùóÔùñÔùóÔùñÔùóÔùñÔùóÔùñÔùóÔùñÔùóÔùñÔùóÔùñÔùóÔùñÔùóÔùñÔùóÔùñÔùóÔùñÔùóÔùñÔùóÔùñÔùóÔùñÔùóÔùñÔùóÔùñÔùóÔùñÔùóÔùñÔùóÔùñÔùóÔùñÔùóÔùñÔùóÔùñÔùóÔùñÔùóÔùñÔùóÔùñÔùóÔùñÔùóÔùñÔùóÔùñÔùóÔùñ
ÔòÉÔòÉÔòÉÔòÉÔòÉÔòÉÔòÉÔòÉÔòÉÔòÉÔòÉÔòÉÔòÉÔòÉÔòÉÔòÉÔòÉÔòÉÔòÉÔòÉÔòÉÔòÉÔòÉÔòÉÔòÉÔòÉÔòÉÔòÉÔòÉÔòÉÔòÉÔòÉÔòÉÔòÉÔòÉÔòÉÔòÉÔòÉÔòÉÔòÉÔòÉÔòÉÔòÉÔòÉÔòÉÔòÉÔòÉÔòÉÔòÉÔòÉÔòÉÔòÉÔòÉÔòÉÔòÉÔòÉÔòÉÔòÉÔòÉÔòÉÔòÉÔòÉÔòÉÔòÉÔòÉÔòÉÔòÉÔòÉÔòÉÔòÉÔòÉÔòÉÔòÉÔòÉÔòÉÔòÉÔòÉÔòÉÔòÉÔòÉÔòÉÔòÉÔòÉÔòÉÔòÉÔòÉÔòÉÔòÉÔòÉÔòÉÔòÉÔòÉÔòÉÔòÉÔòÉÔòÉÔòÉÔòÉÔòÉÔòÉ
ÔòÉÔòÉÔòí EXCEPTION CAUGHT BY FLUTTER TEST FRAMEWORK Ôò×ÔòÉÔòÉÔòÉÔòÉÔòÉÔòÉÔòÉÔòÉÔòÉÔòÉÔòÉÔòÉÔòÉÔòÉÔòÉÔòÉÔòÉÔòÉÔòÉÔòÉÔòÉÔòÉÔòÉÔòÉÔòÉÔòÉÔòÉÔòÉÔòÉÔòÉÔòÉÔòÉÔòÉÔòÉÔòÉÔòÉÔòÉÔòÉÔòÉÔòÉÔòÉÔòÉÔòÉÔòÉÔòÉÔòÉÔòÉÔòÉÔòÉÔòÉÔòÉÔòÉ
The following TestFailure was thrown running a test:
Expected: exactly one matching candidate
  Actual: _TextWidgetFinder:<Found 2 widgets with text "EBITDA": [
            Text("EBITDA", inherit: true, color: Color(alpha: 1.0000, red: 0.3804, green: 0.3804,
blue: 0.3804, colorSpace: ColorSpace.sRGB), size: 14.0, weight: 500, overflow: ellipsis,
dependencies: [DefaultSelectionStyle, DefaultTextStyle, MediaQuery]),
            Text("EBITDA", inherit: true, size: 12.0, dependencies: [DefaultSelectionStyle,
DefaultTextStyle, MediaQuery]),
          ]>
   Which: is too many

When the exception was thrown, this was the stack:
#4      main.<anonymous closure> (file:///D:/Proyectos/Flutter%20proyect/aplicativo_01/test/crash_repro_navigation_test.dart:37:5)
<asynchronous suspension>
#5      testWidgets.<anonymous closure>.<anonymous closure> (package:flutter_test/src/widget_tester.dart:192:15)
<asynchronous suspension>
#6      TestWidgetsFlutterBinding._runTestBody (package:flutter_test/src/binding.dart:1059:5)
<asynchronous suspension>
<asynchronous suspension>
(elided one frame from package:stack_trace)

This was caught by the test expectation on the following line:
  file:///D:/Proyectos/Flutter%20proyect/aplicativo_01/test/crash_repro_navigation_test.dart line 37
The test description was:
  Navigate to FinanzasPage from CompetenciaPage
ÔòÉÔòÉÔòÉÔòÉÔòÉÔòÉÔòÉÔòÉÔòÉÔòÉÔòÉÔòÉÔòÉÔòÉÔòÉÔòÉÔòÉÔòÉÔòÉÔòÉÔòÉÔòÉÔòÉÔòÉÔòÉÔòÉÔòÉÔòÉÔòÉÔòÉÔòÉÔòÉÔòÉÔòÉÔòÉÔòÉÔòÉÔòÉÔòÉÔòÉÔòÉÔòÉÔòÉÔòÉÔòÉÔòÉÔòÉÔòÉÔòÉÔòÉÔòÉÔòÉÔòÉÔòÉÔòÉÔòÉÔòÉÔòÉÔòÉÔòÉÔòÉÔòÉÔòÉÔòÉÔòÉÔòÉÔòÉÔòÉÔòÉÔòÉÔòÉÔòÉÔòÉÔòÉÔòÉÔòÉÔòÉÔòÉÔòÉÔòÉÔòÉÔòÉÔòÉÔòÉÔòÉÔòÉÔòÉÔòÉÔòÉÔòÉÔòÉÔòÉÔòÉÔòÉÔòÉÔòÉÔòÉÔòÉÔòÉÔòÉ
ÔòÉÔòÉÔòí EXCEPTION CAUGHT BY FLUTTER TEST FRAMEWORK Ôò×ÔòÉÔòÉÔòÉÔòÉÔòÉÔòÉÔòÉÔòÉÔòÉÔòÉÔòÉÔòÉÔòÉÔòÉÔòÉÔòÉÔòÉÔòÉÔòÉÔòÉÔòÉÔòÉÔòÉÔòÉÔòÉÔòÉÔòÉÔòÉÔòÉÔòÉÔòÉÔòÉÔòÉÔòÉÔòÉÔòÉÔòÉÔòÉÔòÉÔòÉÔòÉÔòÉÔòÉÔòÉÔòÉÔòÉÔòÉÔòÉÔòÉÔòÉÔòÉÔòÉ
The following message was thrown:
Multiple exceptions (7) were detected during the running of the current test, and at least one was
unexpected.
ÔòÉÔòÉÔòÉÔòÉÔòÉÔòÉÔòÉÔòÉÔòÉÔòÉÔòÉÔòÉÔòÉÔòÉÔòÉÔòÉÔòÉÔòÉÔòÉÔòÉÔòÉÔòÉÔòÉÔòÉÔòÉÔòÉÔòÉÔòÉÔòÉÔòÉÔòÉÔòÉÔòÉÔòÉÔòÉÔòÉÔòÉÔòÉÔòÉÔòÉÔòÉÔòÉÔòÉÔòÉÔòÉÔòÉÔòÉÔòÉÔòÉÔòÉÔòÉÔòÉÔòÉÔòÉÔòÉÔòÉÔòÉÔòÉÔòÉÔòÉÔòÉÔòÉÔòÉÔòÉÔòÉÔòÉÔòÉÔòÉÔòÉÔòÉÔòÉÔòÉÔòÉÔòÉÔòÉÔòÉÔòÉÔòÉÔòÉÔòÉÔòÉÔòÉÔòÉÔòÉÔòÉÔòÉÔòÉÔòÉÔòÉÔòÉÔòÉÔòÉÔòÉÔòÉÔòÉÔòÉÔòÉÔòÉÔòÉÔòÉ
00:01 +0 -1: Navigate to FinanzasPage from CompetenciaPage [E]
  Test failed. See exception logs above.
  The test description was: Navigate to FinanzasPage from CompetenciaPage
  
00:01 +0 -1: Navigate to DirectorComprasPage from CompetenciaPage
ÔòÉÔòÉÔòí EXCEPTION CAUGHT BY RENDERING LIBRARY Ôò×ÔòÉÔòÉÔòÉÔòÉÔòÉÔòÉÔòÉÔòÉÔòÉÔòÉÔòÉÔòÉÔòÉÔòÉÔòÉÔòÉÔòÉÔòÉÔòÉÔòÉÔòÉÔòÉÔòÉÔòÉÔòÉÔòÉÔòÉÔòÉÔòÉÔòÉÔòÉÔòÉÔòÉÔòÉÔòÉÔòÉÔòÉÔòÉÔòÉÔòÉÔòÉÔòÉÔòÉÔòÉÔòÉÔòÉÔòÉÔòÉÔòÉÔòÉÔòÉÔòÉÔòÉÔòÉÔòÉÔòÉÔòÉ
The following assertion was thrown during layout:
A RenderFlex overflowed by 7.3 pixels on the right.

The relevant error-causing widget was:
  Row Row:file:///D:/Proyectos/Flutter%20proyect/aplicativo_01/lib/src/widgets/kpi_small.dart:49:11

The overflowing RenderFlex has an orientation of Axis.horizontal.
The edge of the RenderFlex that is overflowing has been marked in the rendering with a yellow and
black striped pattern. This is usually caused by the contents being too big for the RenderFlex.
Consider applying a flex factor (e.g. using an Expanded widget) to force the children of the
RenderFlex to fit within the available space instead of being sized to their natural size.
This is considered an error condition because it indicates that there is content that cannot be
seen. If the content is legitimately bigger than the available space, consider clipping it with a
ClipRect widget before putting it in the flex, or using a scrollable container rather than a Flex,
like a ListView.
The specific RenderFlex in question is: RenderFlex#bc9bd relayoutBoundary=up18 OVERFLOWING:
  creator: Row ÔåÉ Column ÔåÉ Padding ÔåÉ DecoratedBox ÔåÉ Container ÔåÉ KpiSmall ÔåÉ SizedBox ÔåÉ Wrap ÔåÉ
    VistaExpressKPIs ÔåÉ Column ÔåÉ Padding ÔåÉ _SingleChildViewport ÔåÉ Ôï»
  parentData: offset=Offset(0.0, 133.0); flex=null; fit=null (can use size)
  constraints: BoxConstraints(0.0<=w<=74.0, 0.0<=h<=Infinity)
  size: Size(74.0, 23.0)
  direction: horizontal
  mainAxisAlignment: start
  mainAxisSize: max
  crossAxisAlignment: center
  textDirection: ltr
  verticalDirection: down
  spacing: 0.0
ÔùóÔùñÔùóÔùñÔùóÔùñÔùóÔùñÔùóÔùñÔùóÔùñÔùóÔùñÔùóÔùñÔùóÔùñÔùóÔùñÔùóÔùñÔùóÔùñÔùóÔùñÔùóÔùñÔùóÔùñÔùóÔùñÔùóÔùñÔùóÔùñÔùóÔùñÔùóÔùñÔùóÔùñÔùóÔùñÔùóÔùñÔùóÔùñÔùóÔùñÔùóÔùñÔùóÔùñÔùóÔùñÔùóÔùñÔùóÔùñÔùóÔùñÔùóÔùñÔùóÔùñÔùóÔùñÔùóÔùñÔùóÔùñÔùóÔùñÔùóÔùñÔùóÔùñÔùóÔùñÔùóÔùñÔùóÔùñÔùóÔùñÔùóÔùñÔùóÔùñÔùóÔùñÔùóÔùñÔùóÔùñÔùóÔùñÔùóÔùñ
ÔòÉÔòÉÔòÉÔòÉÔòÉÔòÉÔòÉÔòÉÔòÉÔòÉÔòÉÔòÉÔòÉÔòÉÔòÉÔòÉÔòÉÔòÉÔòÉÔòÉÔòÉÔòÉÔòÉÔòÉÔòÉÔòÉÔòÉÔòÉÔòÉÔòÉÔòÉÔòÉÔòÉÔòÉÔòÉÔòÉÔòÉÔòÉÔòÉÔòÉÔòÉÔòÉÔòÉÔòÉÔòÉÔòÉÔòÉÔòÉÔòÉÔòÉÔòÉÔòÉÔòÉÔòÉÔòÉÔòÉÔòÉÔòÉÔòÉÔòÉÔòÉÔòÉÔòÉÔòÉÔòÉÔòÉÔòÉÔòÉÔòÉÔòÉÔòÉÔòÉÔòÉÔòÉÔòÉÔòÉÔòÉÔòÉÔòÉÔòÉÔòÉÔòÉÔòÉÔòÉÔòÉÔòÉÔòÉÔòÉÔòÉÔòÉÔòÉÔòÉÔòÉÔòÉÔòÉÔòÉÔòÉÔòÉÔòÉÔòÉ
ÔòÉÔòÉÔòí EXCEPTION CAUGHT BY RENDERING LIBRARY Ôò×ÔòÉÔòÉÔòÉÔòÉÔòÉÔòÉÔòÉÔòÉÔòÉÔòÉÔòÉÔòÉÔòÉÔòÉÔòÉÔòÉÔòÉÔòÉÔòÉÔòÉÔòÉÔòÉÔòÉÔòÉÔòÉÔòÉÔòÉÔòÉÔòÉÔòÉÔòÉÔòÉÔòÉÔòÉÔòÉÔòÉÔòÉÔòÉÔòÉÔòÉÔòÉÔòÉÔòÉÔòÉÔòÉÔòÉÔòÉÔòÉÔòÉÔòÉÔòÉÔòÉÔòÉÔòÉÔòÉÔòÉÔòÉ
The following assertion was thrown during layout:
A RenderFlex overflowed by 137 pixels on the right.

The relevant error-causing widget was:
  Row
  Row:file:///D:/Proyectos/Flutter%20proyect/aplicativo_01/lib/src/widgets/ingresos_por_dia_card.dart:32:24

The overflowing RenderFlex has an orientation of Axis.horizontal.
The edge of the RenderFlex that is overflowing has been marked in the rendering with a yellow and
black striped pattern. This is usually caused by the contents being too big for the RenderFlex.
Consider applying a flex factor (e.g. using an Expanded widget) to force the children of the
RenderFlex to fit within the available space instead of being sized to their natural size.
This is considered an error condition because it indicates that there is content that cannot be
seen. If the content is legitimately bigger than the available space, consider clipping it with a
ClipRect widget before putting it in the flex, or using a scrollable container rather than a Flex,
like a ListView.
The specific RenderFlex in question is: RenderFlex#67ea0 relayoutBoundary=up26 OVERFLOWING:
  creator: Row ÔåÉ Padding ÔåÉ Column ÔåÉ _SingleChildViewport ÔåÉ IgnorePointer-[GlobalKey#56e45] ÔåÉ Semantics
    ÔåÉ Listener ÔåÉ _GestureSemantics ÔåÉ
    RawGestureDetector-[LabeledGlobalKey<RawGestureDetectorState>#c9f50] ÔåÉ Listener ÔåÉ _ScrollableScope
    ÔåÉ _ScrollSemantics-[GlobalKey#315dd] ÔåÉ Ôï»
  parentData: offset=Offset(0.0, 0.0) (can use size)
  constraints: BoxConstraints(0.0<=w<=304.0, 0.0<=h<=Infinity)
  size: Size(304.0, 17.0)
  direction: horizontal
  mainAxisAlignment: spaceBetween
  mainAxisSize: max
  crossAxisAlignment: center
  textDirection: ltr
  verticalDirection: down
  spacing: 0.0
ÔùóÔùñÔùóÔùñÔùóÔùñÔùóÔùñÔùóÔùñÔùóÔùñÔùóÔùñÔùóÔùñÔùóÔùñÔùóÔùñÔùóÔùñÔùóÔùñÔùóÔùñÔùóÔùñÔùóÔùñÔùóÔùñÔùóÔùñÔùóÔùñÔùóÔùñÔùóÔùñÔùóÔùñÔùóÔùñÔùóÔùñÔùóÔùñÔùóÔùñÔùóÔùñÔùóÔùñÔùóÔùñÔùóÔùñÔùóÔùñÔùóÔùñÔùóÔùñÔùóÔùñÔùóÔùñÔùóÔùñÔùóÔùñÔùóÔùñÔùóÔùñÔùóÔùñÔùóÔùñÔùóÔùñÔùóÔùñÔùóÔùñÔùóÔùñÔùóÔùñÔùóÔùñÔùóÔùñÔùóÔùñÔùóÔùñÔùóÔùñ
ÔòÉÔòÉÔòÉÔòÉÔòÉÔòÉÔòÉÔòÉÔòÉÔòÉÔòÉÔòÉÔòÉÔòÉÔòÉÔòÉÔòÉÔòÉÔòÉÔòÉÔòÉÔòÉÔòÉÔòÉÔòÉÔòÉÔòÉÔòÉÔòÉÔòÉÔòÉÔòÉÔòÉÔòÉÔòÉÔòÉÔòÉÔòÉÔòÉÔòÉÔòÉÔòÉÔòÉÔòÉÔòÉÔòÉÔòÉÔòÉÔòÉÔòÉÔòÉÔòÉÔòÉÔòÉÔòÉÔòÉÔòÉÔòÉÔòÉÔòÉÔòÉÔòÉÔòÉÔòÉÔòÉÔòÉÔòÉÔòÉÔòÉÔòÉÔòÉÔòÉÔòÉÔòÉÔòÉÔòÉÔòÉÔòÉÔòÉÔòÉÔòÉÔòÉÔòÉÔòÉÔòÉÔòÉÔòÉÔòÉÔòÉÔòÉÔòÉÔòÉÔòÉÔòÉÔòÉÔòÉÔòÉÔòÉÔòÉÔòÉ
ÔòÉÔòÉÔòí EXCEPTION CAUGHT BY RENDERING LIBRARY Ôò×ÔòÉÔòÉÔòÉÔòÉÔòÉÔòÉÔòÉÔòÉÔòÉÔòÉÔòÉÔòÉÔòÉÔòÉÔòÉÔòÉÔòÉÔòÉÔòÉÔòÉÔòÉÔòÉÔòÉÔòÉÔòÉÔòÉÔòÉÔòÉÔòÉÔòÉÔòÉÔòÉÔòÉÔòÉÔòÉÔòÉÔòÉÔòÉÔòÉÔòÉÔòÉÔòÉÔòÉÔòÉÔòÉÔòÉÔòÉÔòÉÔòÉÔòÉÔòÉÔòÉÔòÉÔòÉÔòÉÔòÉÔòÉ
The following assertion was thrown during layout:
A RenderFlex overflowed by 119 pixels on the right.

The relevant error-causing widget was:
  DropdownButton<String>
  DropdownButton:file:///D:/Proyectos/Flutter%20proyect/aplicativo_01/lib/src/widgets/competencia_app_bar.dart:27:20

The overflowing RenderFlex has an orientation of Axis.horizontal.
The edge of the RenderFlex that is overflowing has been marked in the rendering with a yellow and
black striped pattern. This is usually caused by the contents being too big for the RenderFlex.
Consider applying a flex factor (e.g. using an Expanded widget) to force the children of the
RenderFlex to fit within the available space instead of being sized to their natural size.
This is considered an error condition because it indicates that there is content that cannot be
seen. If the content is legitimately bigger than the available space, consider clipping it with a
ClipRect widget before putting it in the flex, or using a scrollable container rather than a Flex,
like a ListView.
The specific RenderFlex in question is: RenderFlex#602f8 relayoutBoundary=up22 OVERFLOWING:
  creator: Row ÔåÉ Padding ÔåÉ SizedBox ÔåÉ DefaultTextStyle ÔåÉ Listener ÔåÉ RawGestureDetector ÔåÉ
    GestureDetector ÔåÉ Semantics ÔåÉ DefaultSelectionStyle ÔåÉ Builder ÔåÉ MouseRegion ÔåÉ Semantics ÔåÉ Ôï»
  parentData: offset=Offset(0.0, 0.0) (can use size)
  constraints: BoxConstraints(0.0<=w<=212.0, 0.0<=h<=Infinity)
  size: Size(212.0, 48.0)
  direction: horizontal
  mainAxisAlignment: spaceBetween
  mainAxisSize: min
  crossAxisAlignment: center
  textDirection: ltr
  verticalDirection: down
  spacing: 0.0
ÔùóÔùñÔùóÔùñÔùóÔùñÔùóÔùñÔùóÔùñÔùóÔùñÔùóÔùñÔùóÔùñÔùóÔùñÔùóÔùñÔùóÔùñÔùóÔùñÔùóÔùñÔùóÔùñÔùóÔùñÔùóÔùñÔùóÔùñÔùóÔùñÔùóÔùñÔùóÔùñÔùóÔùñÔùóÔùñÔùóÔùñÔùóÔùñÔùóÔùñÔùóÔùñÔùóÔùñÔùóÔùñÔùóÔùñÔùóÔùñÔùóÔùñÔùóÔùñÔùóÔùñÔùóÔùñÔùóÔùñÔùóÔùñÔùóÔùñÔùóÔùñÔùóÔùñÔùóÔùñÔùóÔùñÔùóÔùñÔùóÔùñÔùóÔùñÔùóÔùñÔùóÔùñÔùóÔùñÔùóÔùñÔùóÔùñÔùóÔùñ
ÔòÉÔòÉÔòÉÔòÉÔòÉÔòÉÔòÉÔòÉÔòÉÔòÉÔòÉÔòÉÔòÉÔòÉÔòÉÔòÉÔòÉÔòÉÔòÉÔòÉÔòÉÔòÉÔòÉÔòÉÔòÉÔòÉÔòÉÔòÉÔòÉÔòÉÔòÉÔòÉÔòÉÔòÉÔòÉÔòÉÔòÉÔòÉÔòÉÔòÉÔòÉÔòÉÔòÉÔòÉÔòÉÔòÉÔòÉÔòÉÔòÉÔòÉÔòÉÔòÉÔòÉÔòÉÔòÉÔòÉÔòÉÔòÉÔòÉÔòÉÔòÉÔòÉÔòÉÔòÉÔòÉÔòÉÔòÉÔòÉÔòÉÔòÉÔòÉÔòÉÔòÉÔòÉÔòÉÔòÉÔòÉÔòÉÔòÉÔòÉÔòÉÔòÉÔòÉÔòÉÔòÉÔòÉÔòÉÔòÉÔòÉÔòÉÔòÉÔòÉÔòÉÔòÉÔòÉÔòÉÔòÉÔòÉÔòÉÔòÉ
Dropdown changed to: Director de Compras
CompetenciaPage: Role changed to Director de Compras
ÔòÉÔòÉÔòí EXCEPTION CAUGHT BY RENDERING LIBRARY Ôò×ÔòÉÔòÉÔòÉÔòÉÔòÉÔòÉÔòÉÔòÉÔòÉÔòÉÔòÉÔòÉÔòÉÔòÉÔòÉÔòÉÔòÉÔòÉÔòÉÔòÉÔòÉÔòÉÔòÉÔòÉÔòÉÔòÉÔòÉÔòÉÔòÉÔòÉÔòÉÔòÉÔòÉÔòÉÔòÉÔòÉÔòÉÔòÉÔòÉÔòÉÔòÉÔòÉÔòÉÔòÉÔòÉÔòÉÔòÉÔòÉÔòÉÔòÉÔòÉÔòÉÔòÉÔòÉÔòÉÔòÉÔòÉ
The following assertion was thrown during layout:
A RenderFlex overflowed by 61 pixels on the right.

The relevant error-causing widget was:
  Row
  Row:file:///D:/Proyectos/Flutter%20proyect/aplicativo_01/lib/src/widgets/grouped_bar_chart.dart:29:9

The overflowing RenderFlex has an orientation of Axis.horizontal.
The edge of the RenderFlex that is overflowing has been marked in the rendering with a yellow and
black striped pattern. This is usually caused by the contents being too big for the RenderFlex.
Consider applying a flex factor (e.g. using an Expanded widget) to force the children of the
RenderFlex to fit within the available space instead of being sized to their natural size.
This is considered an error condition because it indicates that there is content that cannot be
seen. If the content is legitimately bigger than the available space, consider clipping it with a
ClipRect widget before putting it in the flex, or using a scrollable container rather than a Flex,
like a ListView.
The specific RenderFlex in question is: RenderFlex#054d6 relayoutBoundary=up19 OVERFLOWING:
  creator: Row ÔåÉ Column ÔåÉ GroupedBarChart ÔåÉ Expanded ÔåÉ Column ÔåÉ Padding ÔåÉ DecoratedBox ÔåÉ Container ÔåÉ
    Expanded ÔåÉ Row ÔåÉ SizedBox ÔåÉ Column ÔåÉ Ôï»
  parentData: offset=Offset(0.0, 0.0); flex=null; fit=null (can use size)
  constraints: BoxConstraints(0.0<=w<=146.3, 0.0<=h<=Infinity)
  size: Size(146.3, 17.0)
  direction: horizontal
  mainAxisAlignment: start
  mainAxisSize: max
  crossAxisAlignment: center
  textDirection: ltr
  verticalDirection: down
  spacing: 0.0
ÔùóÔùñÔùóÔùñÔùóÔùñÔùóÔùñÔùóÔùñÔùóÔùñÔùóÔùñÔùóÔùñÔùóÔùñÔùóÔùñÔùóÔùñÔùóÔùñÔùóÔùñÔùóÔùñÔùóÔùñÔùóÔùñÔùóÔùñÔùóÔùñÔùóÔùñÔùóÔùñÔùóÔùñÔùóÔùñÔùóÔùñÔùóÔùñÔùóÔùñÔùóÔùñÔùóÔùñÔùóÔùñÔùóÔùñÔùóÔùñÔùóÔùñÔùóÔùñÔùóÔùñÔùóÔùñÔùóÔùñÔùóÔùñÔùóÔùñÔùóÔùñÔùóÔùñÔùóÔùñÔùóÔùñÔùóÔùñÔùóÔùñÔùóÔùñÔùóÔùñÔùóÔùñÔùóÔùñÔùóÔùñÔùóÔùñÔùóÔùñ
ÔòÉÔòÉÔòÉÔòÉÔòÉÔòÉÔòÉÔòÉÔòÉÔòÉÔòÉÔòÉÔòÉÔòÉÔòÉÔòÉÔòÉÔòÉÔòÉÔòÉÔòÉÔòÉÔòÉÔòÉÔòÉÔòÉÔòÉÔòÉÔòÉÔòÉÔòÉÔòÉÔòÉÔòÉÔòÉÔòÉÔòÉÔòÉÔòÉÔòÉÔòÉÔòÉÔòÉÔòÉÔòÉÔòÉÔòÉÔòÉÔòÉÔòÉÔòÉÔòÉÔòÉÔòÉÔòÉÔòÉÔòÉÔòÉÔòÉÔòÉÔòÉÔòÉÔòÉÔòÉÔòÉÔòÉÔòÉÔòÉÔòÉÔòÉÔòÉÔòÉÔòÉÔòÉÔòÉÔòÉÔòÉÔòÉÔòÉÔòÉÔòÉÔòÉÔòÉÔòÉÔòÉÔòÉÔòÉÔòÉÔòÉÔòÉÔòÉÔòÉÔòÉÔòÉÔòÉÔòÉÔòÉÔòÉÔòÉÔòÉ
ÔòÉÔòÉÔòí EXCEPTION CAUGHT BY RENDERING LIBRARY Ôò×ÔòÉÔòÉÔòÉÔòÉÔòÉÔòÉÔòÉÔòÉÔòÉÔòÉÔòÉÔòÉÔòÉÔòÉÔòÉÔòÉÔòÉÔòÉÔòÉÔòÉÔòÉÔòÉÔòÉÔòÉÔòÉÔòÉÔòÉÔòÉÔòÉÔòÉÔòÉÔòÉÔòÉÔòÉÔòÉÔòÉÔòÉÔòÉÔòÉÔòÉÔòÉÔòÉÔòÉÔòÉÔòÉÔòÉÔòÉÔòÉÔòÉÔòÉÔòÉÔòÉÔòÉÔòÉÔòÉÔòÉÔòÉ
The following assertion was thrown during layout:
A RenderFlex overflowed by 16 pixels on the right.

The relevant error-causing widget was:
  Row
  Row:file:///D:/Proyectos/Flutter%20proyect/aplicativo_01/lib/src/widgets/data_table_widget.dart:36:11

The overflowing RenderFlex has an orientation of Axis.horizontal.
The edge of the RenderFlex that is overflowing has been marked in the rendering with a yellow and
black striped pattern. This is usually caused by the contents being too big for the RenderFlex.
Consider applying a flex factor (e.g. using an Expanded widget) to force the children of the
RenderFlex to fit within the available space instead of being sized to their natural size.
This is considered an error condition because it indicates that there is content that cannot be
seen. If the content is legitimately bigger than the available space, consider clipping it with a
ClipRect widget before putting it in the flex, or using a scrollable container rather than a Flex,
like a ListView.
The specific RenderFlex in question is: RenderFlex#0c02b relayoutBoundary=up18 OVERFLOWING:
  creator: Row ÔåÉ Column ÔåÉ Padding ÔåÉ DecoratedBox ÔåÉ Container ÔåÉ DataTableWidget ÔåÉ Expanded ÔåÉ Row ÔåÉ
    SizedBox ÔåÉ Column ÔåÉ Padding ÔåÉ _SingleChildViewport ÔåÉ Ôï»
  parentData: offset=Offset(0.0, 0.0); flex=null; fit=null (can use size)
  constraints: BoxConstraints(0.0<=w<=146.3, 0.0<=h<=Infinity)
  size: Size(146.3, 31.0)
  direction: horizontal
  mainAxisAlignment: spaceBetween
  mainAxisSize: max
  crossAxisAlignment: center
  textDirection: ltr
  verticalDirection: down
  spacing: 0.0
ÔùóÔùñÔùóÔùñÔùóÔùñÔùóÔùñÔùóÔùñÔùóÔùñÔùóÔùñÔùóÔùñÔùóÔùñÔùóÔùñÔùóÔùñÔùóÔùñÔùóÔùñÔùóÔùñÔùóÔùñÔùóÔùñÔùóÔùñÔùóÔùñÔùóÔùñÔùóÔùñÔùóÔùñÔùóÔùñÔùóÔùñÔùóÔùñÔùóÔùñÔùóÔùñÔùóÔùñÔùóÔùñÔùóÔùñÔùóÔùñÔùóÔùñÔùóÔùñÔùóÔùñÔùóÔùñÔùóÔùñÔùóÔùñÔùóÔùñÔùóÔùñÔùóÔùñÔùóÔùñÔùóÔùñÔùóÔùñÔùóÔùñÔùóÔùñÔùóÔùñÔùóÔùñÔùóÔùñÔùóÔùñÔùóÔùñÔùóÔùñ
ÔòÉÔòÉÔòÉÔòÉÔòÉÔòÉÔòÉÔòÉÔòÉÔòÉÔòÉÔòÉÔòÉÔòÉÔòÉÔòÉÔòÉÔòÉÔòÉÔòÉÔòÉÔòÉÔòÉÔòÉÔòÉÔòÉÔòÉÔòÉÔòÉÔòÉÔòÉÔòÉÔòÉÔòÉÔòÉÔòÉÔòÉÔòÉÔòÉÔòÉÔòÉÔòÉÔòÉÔòÉÔòÉÔòÉÔòÉÔòÉÔòÉÔòÉÔòÉÔòÉÔòÉÔòÉÔòÉÔòÉÔòÉÔòÉÔòÉÔòÉÔòÉÔòÉÔòÉÔòÉÔòÉÔòÉÔòÉÔòÉÔòÉÔòÉÔòÉÔòÉÔòÉÔòÉÔòÉÔòÉÔòÉÔòÉÔòÉÔòÉÔòÉÔòÉÔòÉÔòÉÔòÉÔòÉÔòÉÔòÉÔòÉÔòÉÔòÉÔòÉÔòÉÔòÉÔòÉÔòÉÔòÉÔòÉÔòÉÔòÉ
ÔòÉÔòÉÔòí EXCEPTION CAUGHT BY FLUTTER TEST FRAMEWORK Ôò×ÔòÉÔòÉÔòÉÔòÉÔòÉÔòÉÔòÉÔòÉÔòÉÔòÉÔòÉÔòÉÔòÉÔòÉÔòÉÔòÉÔòÉÔòÉÔòÉÔòÉÔòÉÔòÉÔòÉÔòÉÔòÉÔòÉÔòÉÔòÉÔòÉÔòÉÔòÉÔòÉÔòÉÔòÉÔòÉÔòÉÔòÉÔòÉÔòÉÔòÉÔòÉÔòÉÔòÉÔòÉÔòÉÔòÉÔòÉÔòÉÔòÉÔòÉÔòÉÔòÉ
The following message was thrown:
Multiple exceptions (5) were detected during the running of the current test, and at least one was
unexpected.
ÔòÉÔòÉÔòÉÔòÉÔòÉÔòÉÔòÉÔòÉÔòÉÔòÉÔòÉÔòÉÔòÉÔòÉÔòÉÔòÉÔòÉÔòÉÔòÉÔòÉÔòÉÔòÉÔòÉÔòÉÔòÉÔòÉÔòÉÔòÉÔòÉÔòÉÔòÉÔòÉÔòÉÔòÉÔòÉÔòÉÔòÉÔòÉÔòÉÔòÉÔòÉÔòÉÔòÉÔòÉÔòÉÔòÉÔòÉÔòÉÔòÉÔòÉÔòÉÔòÉÔòÉÔòÉÔòÉÔòÉÔòÉÔòÉÔòÉÔòÉÔòÉÔòÉÔòÉÔòÉÔòÉÔòÉÔòÉÔòÉÔòÉÔòÉÔòÉÔòÉÔòÉÔòÉÔòÉÔòÉÔòÉÔòÉÔòÉÔòÉÔòÉÔòÉÔòÉÔòÉÔòÉÔòÉÔòÉÔòÉÔòÉÔòÉÔòÉÔòÉÔòÉÔòÉÔòÉÔòÉÔòÉÔòÉÔòÉÔòÉ
00:01 +0 -2: Navigate to DirectorComprasPage from CompetenciaPage [E]
  Test failed. See exception logs above.
  The test description was: Navigate to DirectorComprasPage from CompetenciaPage
  
00:01 +0 -2: (tearDownAll)
00:02 +0 -2: Some tests failed.
